
> handrail-bug-reporter-rails-assets@0.5.0 test
> node --test --test-concurrency=1 test/frontend/*.test.mjs

TAP version 13
# Subtest: immutable HTTPS dependency, installed source, release identity and reproducible standalone asset
ok 1 - immutable HTTPS dependency, installed source, release identity and reproducible standalone asset
  ---
  duration_ms: 71.525715
  type: 'test'
  ...
# Subtest: marker-free loading only initializes bounded lifecycle listeners, with no DOM, timer, storage or network effects
ok 2 - marker-free loading only initializes bounded lifecycle listeners, with no DOM, timer, storage or network effects
  ---
  duration_ms: 128.24222
  type: 'test'
  ...
# Subtest: explicit mount/update/unmount forwards genuine UI options and preserves presentation state
ok 3 - explicit mount/update/unmount forwards genuine UI options and preserves presentation state
  ---
  duration_ms: 180.612736
  type: 'test'
  ...
# Subtest: repeated mounts dispose islands, abort policy discovery and do not multiply document listeners
ok 4 - repeated mounts dispose islands, abort policy discovery and do not multiply document listeners
  ---
  duration_ms: 170.470668
  type: 'test'
  ...
# Subtest: headless factory forwards config and stamps actual submitted payload with upstream identity
ok 5 - headless factory forwards config and stamps actual submitted payload with upstream identity
  ---
  duration_ms: 11.384907
  type: 'test'
  ...
# Subtest: invalid mounts leave host content intact and independent hosts remain independent
ok 6 - invalid mounts leave host content intact and independent hosts remain independent
  ---
  duration_ms: 13.921293
  type: 'test'
  ...
# Subtest: RubyGems builds and installs the prebuilt asset with no Node or Git available
ok 7 - RubyGems builds and installs the prebuilt asset with no Node or Git available
  ---
  duration_ms: 263.708119
  type: 'test'
  ...
# Subtest: real Rails asset: Mine default, conditional All users, fresh policy, private shared detail and revocation
ok 8 - real Rails asset: Mine default, conditional All users, fresh policy, private shared detail and revocation
  ---
  duration_ms: 414.453301
  type: 'test'
  ...
# Subtest: real Rails asset: sessionKey switch aborts shared requests and discards late results
ok 9 - real Rails asset: sessionKey switch aborts shared requests and discards late results
  ---
  duration_ms: 346.72763
  type: 'test'
  ...
# Subtest: private fixture login: real password, rotated HttpOnly session, CSRF, two accounts, expiry and revocation
ok 10 - private fixture login: real password, rotated HttpOnly session, CSRF, two accounts, expiry and revocation
  ---
  duration_ms: 386.384097
  type: 'test'
  ...
# Subtest: fixture login fails closed without private setup and rate limits at 10 per minute
ok 11 - fixture login fails closed without private setup and rate limits at 10 per minute
  ---
  duration_ms: 564.503006
  type: 'test'
  ...
# Subtest: JS client through mounted Rails: accepted_malformed is submitted once
ok 12 - JS client through mounted Rails: accepted_malformed is submitted once
  ---
  duration_ms: 830.741956
  type: 'test'
  ...
# Subtest: JS client through mounted Rails: accepted_empty is submitted once
ok 13 - JS client through mounted Rails: accepted_empty is submitted once
  ---
  duration_ms: 755.574251
  type: 'test'
  ...
# Subtest: mounted Rails empty subscription preserves accepted parent and warns with one child call
ok 14 - mounted Rails empty subscription preserves accepted parent and warns with one child call
  ---
  duration_ms: 789.30596
  type: 'test'
  ...
# Subtest: workflow admin, nonadmin, anonymous and revoked states gate all eight operations before identity/HTTP
ok 15 - workflow admin, nonadmin, anonymous and revoked states gate all eight operations before identity/HTTP
  ---
  duration_ms: 898.54107
  type: 'test'
  ...
# Subtest: frozen JS reference accepts empty and primitive success values with one upstream call
ok 16 - frozen JS reference accepts empty and primitive success values with one upstream call
  ---
  duration_ms: 8.278215
  type: 'test'
  ...
# Subtest: ordinary DOM readiness and late script loading mount only enabled, valid v1 markers
ok 17 - ordinary DOM readiness and late script loading mount only enabled, valid v1 markers
  ---
  duration_ms: 199.834859
  type: 'test'
  ...
# Subtest: repeated assets and navigation events retain one root; cache/unload cycles abort requests and remove roots
ok 18 - repeated assets and navigation events retain one root; cache/unload cycles abort requests and remove roots
  ---
  duration_ms: 490.193604
  type: 'test'
  ...
# Subtest: removed markers and disabled updates dispose work; late inserted markers mount
ok 19 - removed markers and disabled updates dispose work; late inserted markers mount
  ---
  duration_ms: 59.181791
  type: 'test'
  ...
# Subtest: navigation refreshes configuration, explicit context and pathname fallback without query/session serialization
ok 20 - navigation refreshes configuration, explicit context and pathname fallback without query/session serialization
  ---
  duration_ms: 187.713161
  type: 'test'
  ...
# Subtest: custom launcher uses public dialog, preserves host control and removes listeners and history polling
ok 21 - custom launcher uses public dialog, preserves host control and removes listeners and history polling
  ---
  duration_ms: 325.648347
  type: 'test'
  ...
# Subtest: explicit teardown removes adapter listeners/observer, is repeatable and leaves manual mounts owned by callers
ok 22 - explicit teardown removes adapter listeners/observer, is repeatable and leaves manual mounts owned by callers
  ---
  duration_ms: 91.761052
  type: 'test'
  ...
# Subtest: CSRF wrapper reads current token per POST/PUT/DELETE, handles URL/header forms, and preserves caller behavior
ok 23 - CSRF wrapper reads current token per POST/PUT/DELETE, handles URL/header forms, and preserves caller behavior
  ---
  duration_ms: 16.775284
  type: 'test'
  ...
# Subtest: safe methods, foreign URLs, absent tokens and malformed URLs are passed through without token injection
ok 24 - safe methods, foreign URLs, absent tokens and malformed URLs are passed through without token injection
  ---
  duration_ms: 13.784911
  type: 'test'
  ...
# Subtest: genuine SDK retry observes token rotation without recreating the reporter
ok 25 - genuine SDK retry observes token rotation without recreating the reporter
  ---
  duration_ms: 11.452716
  type: 'test'
  ...
# Subtest: navigation cancels a pending submission and prevents its retry reaching the host fetch
ok 26 - navigation cancels a pending submission and prevents its retry reaching the host fetch
  ---
  duration_ms: 90.702144
  type: 'test'
  ...
# Subtest: host morphs that remove an island retire its requests and restore exactly one root
ok 27 - host morphs that remove an island retire its requests and restore exactly one root
  ---
  duration_ms: 62.886474
  type: 'test'
  ...
# Subtest: missing and replaced custom launchers are reconciled without retaining the old host listener
ok 28 - missing and replaced custom launchers are reconciled without retaining the old host listener
  ---
  duration_ms: 110.763957
  type: 'test'
  ...
1..28
# tests 28
# suites 0
# pass 28
# fail 0
# cancelled 0
# skipped 0
# todo 0
# duration_ms 8650.095477
npm notice
npm notice New major version of npm available! 10.9.8 -> 12.1.0
npm notice Changelog: https://github.com/npm/cli/releases/tag/v12.1.0
npm notice To update run: npm install -g npm@12.1.0
npm notice
