TAP version 13
# Subtest: private fixture login: real password, rotated HttpOnly session, CSRF, two accounts, expiry and revocation
ok 1 - private fixture login: real password, rotated HttpOnly session, CSRF, two accounts, expiry and revocation
  ---
  duration_ms: 399.895061
  type: 'test'
  ...
# Subtest: fixture login fails closed without private setup and rate limits at 10 per minute
ok 2 - fixture login fails closed without private setup and rate limits at 10 per minute
  ---
  duration_ms: 594.316585
  type: 'test'
  ...
# Subtest: existing style service protects history and serves the published asset after login
ok 3 - existing style service protects history and serves the published asset after login
  ---
  duration_ms: 1343.102259
  type: 'test'
  ...
1..3
# tests 3
# suites 0
# pass 3
# fail 0
# cancelled 0
# skipped 0
# todo 0
# duration_ms 2421.132011
